Archive member included to satisfy reference by file (symbol)

e:/imt_arm/resources/imt_arm_course/02- tools/03- imt sdk/imt_sdk_win_64/winarm/armgcc/bin/../lib/gcc/arm-none-eabi/7.2.1/../../../../arm-none-eabi/lib/thumb/v7-m\libg_nano.a(lib_a-errno.o)
                              ./system/src/newlib/_sbrk.o (__errno)
e:/imt_arm/resources/imt_arm_course/02- tools/03- imt sdk/imt_sdk_win_64/winarm/armgcc/bin/../lib/gcc/arm-none-eabi/7.2.1/../../../../arm-none-eabi/lib/thumb/v7-m\libg_nano.a(lib_a-impure.o)
                              e:/imt_arm/resources/imt_arm_course/02- tools/03- imt sdk/imt_sdk_win_64/winarm/armgcc/bin/../lib/gcc/arm-none-eabi/7.2.1/../../../../arm-none-eabi/lib/thumb/v7-m\libg_nano.a(lib_a-errno.o) (_impure_ptr)
e:/imt_arm/resources/imt_arm_course/02- tools/03- imt sdk/imt_sdk_win_64/winarm/armgcc/bin/../lib/gcc/arm-none-eabi/7.2.1/../../../../arm-none-eabi/lib/thumb/v7-m\libg_nano.a(lib_a-memcpy-stub.o)
                              ./RTOS/Source/queue.o (memcpy)
e:/imt_arm/resources/imt_arm_course/02- tools/03- imt sdk/imt_sdk_win_64/winarm/armgcc/bin/../lib/gcc/arm-none-eabi/7.2.1/../../../../arm-none-eabi/lib/thumb/v7-m\libg_nano.a(lib_a-memset.o)
                              ./RTOS/Source/stream_buffer.o (memset)

Allocating common symbols
Common symbol       size              file

errno               0x4               ./system/src/newlib/_syscalls.o

Discarded input sections

 .group         0x00000000        0xc ./system/src/stm32f1-stdperiph/misc.o
 .group         0x00000000        0xc ./system/src/stm32f1-stdperiph/misc.o
 .group         0x00000000        0xc ./system/src/stm32f1-stdperiph/misc.o
 .group         0x00000000        0xc ./system/src/stm32f1-stdperiph/misc.o
 .group         0x00000000        0xc ./system/src/stm32f1-stdperiph/misc.o
 .group         0x00000000        0xc ./system/src/stm32f1-stdperiph/misc.o
 .group         0x00000000        0xc ./system/src/stm32f1-stdperiph/misc.o
 .group         0x00000000        0xc ./system/src/stm32f1-stdperiph/misc.o
 .group         0x00000000        0xc ./system/src/stm32f1-stdperiph/misc.o
 .group         0x00000000        0xc ./system/src/stm32f1-stdperiph/misc.o
 .group         0x00000000        0xc ./system/src/stm32f1-stdperiph/misc.o
 .group         0x00000000        0xc ./system/src/stm32f1-stdperiph/misc.o
 .group         0x00000000        0xc ./system/src/stm32f1-stdperiph/misc.o
 .group         0x00000000        0xc ./system/src/stm32f1-stdperiph/misc.o
 .group         0x00000000        0xc ./system/src/stm32f1-stdperiph/misc.o
 .group         0x00000000        0xc ./system/src/stm32f1-stdperiph/misc.o
 .group         0x00000000        0xc ./system/src/stm32f1-stdperiph/misc.o
 .group         0x00000000        0xc ./system/src/stm32f1-stdperiph/misc.o
 .group         0x00000000        0xc ./system/src/stm32f1-stdperiph/misc.o
 .group         0x00000000        0xc ./system/src/stm32f1-stdperiph/misc.o
 .group         0x00000000        0xc ./system/src/stm32f1-stdperiph/misc.o
 .group         0x00000000        0xc ./system/src/stm32f1-stdperiph/misc.o
 .group         0x00000000        0xc ./system/src/stm32f1-stdperiph/misc.o
 .group         0x00000000        0xc ./system/src/stm32f1-stdperiph/misc.o
 .group         0x00000000        0xc ./system/src/stm32f1-stdperiph/misc.o
 .group         0x00000000        0xc ./system/src/stm32f1-stdperiph/misc.o
 .group         0x00000000        0xc ./system/src/stm32f1-stdperiph/misc.o
 .group         0x00000000        0xc ./system/src/stm32f1-stdperiph/misc.o
 .group         0x00000000        0xc ./system/src/stm32f1-stdperiph/misc.o
 .group         0x00000000        0xc ./system/src/stm32f1-stdperiph/misc.o
 .text          0x00000000        0x0 ./system/src/stm32f1-stdperiph/misc.o
 .data          0x00000000        0x0 ./system/src/stm32f1-stdperiph/misc.o
 .bss           0x00000000        0x0 ./system/src/stm32f1-stdperiph/misc.o
 .text.NVIC_PriorityGroupConfig
                0x00000000       0x40 ./system/src/stm32f1-stdperiph/misc.o
 .text.NVIC_Init
                0x00000000       0x98 ./system/src/stm32f1-stdperiph/misc.o
 .text.NVIC_SetVectorTable
                0x00000000       0x48 ./system/src/stm32f1-stdperiph/misc.o
 .text.NVIC_SystemLPConfig
                0x00000000       0x4c ./system/src/stm32f1-stdperiph/misc.o
 .text.SysTick_CLKSourceConfig
                0x00000000       0x3c ./system/src/stm32f1-stdperiph/misc.o
 .rodata.NVIC_PriorityGroupConfig.str1.4
                0x00000000       0x27 ./system/src/stm32f1-stdperiph/misc.o
 .debug_info    0x00000000      0x634 ./system/src/stm32f1-stdperiph/misc.o
 .debug_abbrev  0x00000000      0x194 ./system/src/stm32f1-stdperiph/misc.o
 .debug_loc     0x00000000      0x207 ./system/src/stm32f1-stdperiph/misc.o
 .debug_aranges
                0x00000000       0x40 ./system/src/stm32f1-stdperiph/misc.o
 .debug_ranges  0x00000000       0x30 ./system/src/stm32f1-stdperiph/misc.o
[...]
Memory Configuration

Name             Origin             Length             Attributes
RAM              0x20000000         0x00005000         xrw
CCMRAM           0x00000000         0x00000000         xrw
FLASH            0x08000000         0x00010000         xr
FLASHB1          0x00000000         0x00000000         xr
EXTMEMB0         0x00000000         0x00000000         xr
EXTMEMB1         0x00000000         0x00000000         xr
EXTMEMB2         0x00000000         0x00000000         xr
EXTMEMB3         0x00000000         0x00000000         xr
MEMORY_ARRAY     0x00000000         0x00000000         xrw
*default*        0x00000000         0xffffffff

Linker script and memory map

LOAD ./system/src/stm32f1-stdperiph/misc.o
LOAD ./system/src/stm32f1-stdperiph/stm32f10x_gpio.o
LOAD ./system/src/stm32f1-stdperiph/stm32f10x_rcc.o
LOAD ./system/src/newlib/_cxx.o
LOAD ./system/src/newlib/_exit.o
LOAD ./system/src/newlib/_sbrk.o
LOAD ./system/src/newlib/_startup.o
LOAD ./system/src/newlib/_syscalls.o
LOAD ./system/src/newlib/assert.o
LOAD ./system/src/diag/Trace.o
LOAD ./system/src/diag/trace_impl.o
LOAD ./system/src/cortexm/_initialize_hardware.o
LOAD ./system/src/cortexm/_reset_hardware.o
LOAD ./system/src/cortexm/exception_handlers.o
LOAD ./system/src/cmsis/system_stm32f10x.o
LOAD ./system/src/cmsis/vectors_stm32f10x.o
LOAD ./src/Button_program.o
LOAD ./src/GPIO_program.o
LOAD ./src/Led_program.o
LOAD ./src/RCC_program.o
LOAD ./src/Tasks_program.o
LOAD ./src/main.o
LOAD ./RTOS/Source/portable/MemMang/heap_4.o
LOAD ./RTOS/Source/portable/GCC/ARM_CM3/port.o
LOAD ./RTOS/Source/croutine.o
LOAD ./RTOS/Source/event_groups.o
LOAD ./RTOS/Source/list.o
LOAD ./RTOS/Source/queue.o
LOAD ./RTOS/Source/stream_buffer.o
LOAD ./RTOS/Source/tasks.o
LOAD ./RTOS/Source/timers.o
LOAD e:/imt_arm/resources/imt_arm_course/02- tools/03- imt sdk/imt_sdk_win_64/winarm/armgcc/bin/../lib/gcc/arm-none-eabi/7.2.1/../../../../arm-none-eabi/lib/thumb/v7-m\libstdc++_nano.a
LOAD e:/imt_arm/resources/imt_arm_course/02- tools/03- imt sdk/imt_sdk_win_64/winarm/armgcc/bin/../lib/gcc/arm-none-eabi/7.2.1/../../../../arm-none-eabi/lib/thumb/v7-m\libm.a
START GROUP
LOAD e:/imt_arm/resources/imt_arm_course/02- tools/03- imt sdk/imt_sdk_win_64/winarm/armgcc/bin/../lib/gcc/arm-none-eabi/7.2.1/thumb/v7-m\libgcc.a
LOAD e:/imt_arm/resources/imt_arm_course/02- tools/03- imt sdk/imt_sdk_win_64/winarm/armgcc/bin/../lib/gcc/arm-none-eabi/7.2.1/../../../../arm-none-eabi/lib/thumb/v7-m\libg_nano.a
LOAD e:/imt_arm/resources/imt_arm_course/02- tools/03- imt sdk/imt_sdk_win_64/winarm/armgcc/bin/../lib/gcc/arm-none-eabi/7.2.1/../../../../arm-none-eabi/lib/thumb/v7-m\libc_nano.a
END GROUP
START GROUP
LOAD e:/imt_arm/resources/imt_arm_course/02- tools/03- imt sdk/imt_sdk_win_64/winarm/armgcc/bin/../lib/gcc/arm-none-eabi/7.2.1/thumb/v7-m\libgcc.a
LOAD e:/imt_arm/resources/imt_arm_course/02- tools/03- imt sdk/imt_sdk_win_64/winarm/armgcc/bin/../lib/gcc/arm-none-eabi/7.2.1/../../../../arm-none-eabi/lib/thumb/v7-m\libc_nano.a
END GROUP
                0x20005000                __stack = (ORIGIN (RAM) + LENGTH (RAM))
                0x20005000                _estack = __stack
                0x00000400                __Main_Stack_Size = 0x400
                [!provide]                PROVIDE (_Main_Stack_Size, __Main_Stack_Size)
                0x20004c00                __Main_Stack_Limit = (__stack - __Main_Stack_Size)
                [!provide]                PROVIDE (_Main_Stack_Limit, __Main_Stack_Limit)
                0x00000100                _Minimum_Stack_Size = 0x100
                0x20004560                PROVIDE (_Heap_Begin, _end_noinit)
                0x20004c00                PROVIDE (_Heap_Limit, (__stack - __Main_Stack_Size))

.isr_vector     0x08000000      0x294
 FILL mask 0xff
                0x08000000                __vectors_start = ABSOLUTE (.)
                0x08000000                __vectors_start__ = ABSOLUTE (.)
 *(.isr_vector)
 .isr_vector    0x08000000      0x10c ./system/src/cmsis/vectors_stm32f10x.o
                0x08000000                __isr_vectors
 *(.cfmconfig)
 *(.after_vectors .after_vectors.*)
 .after_vectors
                0x0800010c      0x114 ./system/src/newlib/_startup.o
                0x0800010c                _start
 .after_vectors
                0x08000220       0x70 ./system/src/cortexm/exception_handlers.o
                0x08000220                Reset_Handler
                0x08000226                NMI_Handler
                0x0800022a                HardFault_Handler
                0x0800023e                HardFault_Handler_C
                0x08000242                MemManage_Handler
                0x08000246                BusFault_Handler
                0x0800025a                BusFault_Handler_C
                0x0800025e                UsageFault_Handler
                0x08000272                UsageFault_Handler_C
                0x0800027a                DebugMon_Handler
 .after_vectors
                0x08000290        0x4 ./system/src/cmsis/vectors_stm32f10x.o
                0x08000290                EXTI2_IRQHandler
                0x08000290                TIM8_TRG_COM_IRQHandler
                0x08000290                TIM8_CC_IRQHandler
                0x08000290                TIM1_CC_IRQHandler
                0x08000290                TIM6_IRQHandler
                0x08000290                PVD_IRQHandler
                0x08000290                SDIO_IRQHandler
                0x08000290                CAN2_RX1_IRQHandler
                0x08000290                EXTI3_IRQHandler
                0x08000290                TIM8_TRG_COM_TIM14_IRQHandler
                0x08000290                TIM1_UP_TIM10_IRQHandler
                0x08000290                TIM8_UP_TIM13_IRQHandler
                0x08000290                EXTI0_IRQHandler
                0x08000290                I2C2_EV_IRQHandler
                0x08000290                CAN1_RX0_IRQHandler
                0x08000290                TIM1_UP_TIM16_IRQHandler
                0x08000290                CAN2_SCE_IRQHandler
                0x08000290                ADC1_2_IRQHandler
                0x08000290                SPI1_IRQHandler
                0x08000290                TAMPER_IRQHandler
                0x08000290                TIM6_DAC_IRQHandler
                0x08000290                TIM1_BRK_TIM9_IRQHandler
                0x08000290                CAN2_RX0_IRQHandler
                0x08000290                TIM8_UP_IRQHandler
                0x08000290                DMA2_Channel2_IRQHandler
                0x08000290                DMA1_Channel4_IRQHandler
                0x08000290                USART3_IRQHandler
                0x08000290                RTC_IRQHandler
                0x08000290                DMA1_Channel7_IRQHandler
                0x08000290                CAN1_RX1_IRQHandler
                0x08000290                UART5_IRQHandler
                0x08000290                ADC3_IRQHandler
                0x08000290                TIM4_IRQHandler
                0x08000290                DMA2_Channel1_IRQHandler
                0x08000290                I2C1_EV_IRQHandler
                0x08000290                DMA1_Channel6_IRQHandler
                0x08000290                UART4_IRQHandler
                0x08000290                DMA2_Channel4_IRQHandler
                0x08000290                TIM3_IRQHandler
                0x08000290                RCC_IRQHandler
                0x08000290                TIM8_BRK_TIM12_IRQHandler
                0x08000290                TIM1_TRG_COM_IRQHandler
                0x08000290                DMA1_Channel1_IRQHandler
                0x08000290                Default_Handler
                0x08000290                CEC_IRQHandler
                0x08000290                EXTI15_10_IRQHandler
                0x08000290                TIM14_IRQHandler
                0x08000290                TIM13_IRQHandler
                0x08000290                TIM12_IRQHandler
                0x08000290                TIM7_IRQHandler
                0x08000290                CAN2_TX_IRQHandler
                0x08000290                TIM5_IRQHandler
                0x08000290                EXTI9_5_IRQHandler
                0x08000290                ETH_WKUP_IRQHandler
                0x08000290                SPI2_IRQHandler
                0x08000290                CAN1_TX_IRQHandler
                0x08000290                DMA2_Channel5_IRQHandler
                0x08000290                DMA1_Channel5_IRQHandler
                0x08000290                EXTI4_IRQHandler
                0x08000290                USB_LP_CAN1_RX0_IRQHandler
                0x08000290                TIM1_TRG_COM_TIM17_IRQHandler
                0x08000290                USB_HP_CAN1_TX_IRQHandler
                0x08000290                DMA1_Channel3_IRQHandler
                0x08000290                FSMC_IRQHandler
                0x08000290                ETH_IRQHandler
                0x08000290                TIM1_UP_IRQHandler
                0x08000290                WWDG_IRQHandler
                0x08000290                TIM2_IRQHandler
                0x08000290                OTG_FS_WKUP_IRQHandler
                0x08000290                TIM1_TRG_COM_TIM11_IRQHandler
                0x08000290                TIM1_BRK_IRQHandler
                0x08000290                EXTI1_IRQHandler
                0x08000290                RTCAlarm_IRQHandler
                0x08000290                DMA2_Channel4_5_IRQHandler
                0x08000290                USART2_IRQHandler
                0x08000290                I2C2_ER_IRQHandler
                0x08000290                DMA1_Channel2_IRQHandler
                0x08000290                TIM8_BRK_IRQHandler
                0x08000290                CAN1_SCE_IRQHandler
                0x08000290                FLASH_IRQHandler
                0x08000290                USART1_IRQHandler
                0x08000290                OTG_FS_IRQHandler
                0x08000290                SPI3_IRQHandler
                0x08000290                I2C1_ER_IRQHandler
                0x08000290                USBWakeUp_IRQHandler
                0x08000290                DMA2_Channel3_IRQHandler
                0x08000290                TIM1_BRK_TIM15_IRQHandler

.inits          0x08000294       0x28
                0x08000294                __data_regions_array_start = .
                0x08000294        0x4 LONG 0x8001330 LOADADDR (.data)
                0x08000298        0x4 LONG 0x20000000 ADDR (.data)
                0x0800029c        0x4 LONG 0x20000028 (ADDR (.data) + SIZEOF (.data))
                0x080002a0        0x4 LONG 0x8001330 LOADADDR (.data_CCMRAM)
                0x080002a4        0x4 LONG 0x0 ADDR (.data_CCMRAM)
                0x080002a8        0x4 LONG 0x0 (ADDR (.data_CCMRAM) + SIZEOF (.data_CCMRAM))
                0x080002ac                __data_regions_array_end = .
                0x080002ac                __bss_regions_array_start = .
                0x080002ac        0x4 LONG 0x20000028 ADDR (.bss)
                0x080002b0        0x4 LONG 0x20004560 (ADDR (.bss) + SIZEOF (.bss))
                0x080002b4        0x4 LONG 0x0 ADDR (.bss_CCMRAM)
                0x080002b8        0x4 LONG 0x0 (ADDR (.bss_CCMRAM) + SIZEOF (.bss_CCMRAM))
                0x080002bc                __bss_regions_array_end = .
 *(.init)
 *(.fini)
                0x080002bc                . = ALIGN (0x4)
                0x080002bc                PROVIDE (__preinit_array_start, .)
 *(.preinit_array_sysinit .preinit_array_sysinit.*)
 *(.preinit_array_platform .preinit_array_platform.*)
 *(.preinit_array .preinit_array.*)
                0x080002bc                PROVIDE (__preinit_array_end, .)
                0x080002bc                . = ALIGN (0x4)
                0x080002bc                PROVIDE (__init_array_start, .)
 *(SORT_BY_NAME(.init_array.*))
 *(.init_array)
                0x080002bc                PROVIDE (__init_array_end, .)
                0x080002bc                . = ALIGN (0x4)
                0x080002bc                PROVIDE (__fini_array_start, .)
 *(SORT_BY_NAME(.fini_array.*))
 *(.fini_array)
                0x080002bc                PROVIDE (__fini_array_end, .)

.flashtext
 *(.flashtext .flashtext.*)

.text           0x080002c0     0x1070
 *(.text .text.*)
 .text._exit    0x080002c0        0x2 ./system/src/newlib/_exit.o
                0x080002c0                _exit
 *fill*         0x080002c2        0x2 
 .text.__initialize_args
                0x080002c4       0x10 ./system/src/newlib/_syscalls.o
                0x080002c4                __initialize_args
 .text.__initialize_hardware_early
                0x080002d4       0x18 ./system/src/cortexm/_initialize_hardware.o
                0x080002d4                __initialize_hardware_early
 .text.__initialize_hardware
                0x080002ec        0x8 ./system/src/cortexm/_initialize_hardware.o
                0x080002ec                __initialize_hardware
 .text.SetSysClockTo72
                0x080002f4       0xc4 ./system/src/cmsis/system_stm32f10x.o
 .text.SetSysClock
                0x080003b8        0x8 ./system/src/cmsis/system_stm32f10x.o
 .text.SystemInit
                0x080003c0       0x50 ./system/src/cmsis/system_stm32f10x.o
                0x080003c0                SystemInit
 .text.SystemCoreClockUpdate
                0x08000410       0x94 ./system/src/cmsis/system_stm32f10x.o
                0x08000410                SystemCoreClockUpdate
 .text.Button1_voidInit
                0x080004a4       0x2c ./src/Button_program.o
                0x080004a4                Button1_voidInit
 .text.Button1_GetCurrentStatus
                0x080004d0       0x18 ./src/Button_program.o
                0x080004d0                Button1_GetCurrentStatus
 .text.GPIO_PeriClockControl
                0x080004e8       0x74 ./src/GPIO_program.o
                0x080004e8                GPIO_PeriClockControl
 .text.GPIO_vidInit
                0x0800055c       0x54 ./src/GPIO_program.o
                0x0800055c                GPIO_vidInit
 .text.GPIO_ReadFromInputPin
                0x080005b0        0xa ./src/GPIO_program.o
                0x080005b0                GPIO_ReadFromInputPin
 .text.GPIO_WriteToOutputPin
                0x080005ba       0x18 ./src/GPIO_program.o
                0x080005ba                GPIO_WriteToOutputPin
 .text.GPIO_ToggleOutputPin
                0x080005d2        0xe ./src/GPIO_program.o
                0x080005d2                GPIO_ToggleOutputPin
 .text.RedLed_Init
                0x080005e0       0x24 ./src/Led_program.o
                0x080005e0                RedLed_Init
 .text.RedLed_Toggle
                0x08000604       0x10 ./src/Led_program.o
                0x08000604                RedLed_Toggle
 .text.RCC_void_EnableClock
                0x08000614       0x4c ./src/RCC_program.o
                0x08000614                RCC_void_EnableClock
 .text.RCC_void_DisableClock
                0x08000660       0x54 ./src/RCC_program.o
                0x08000660                RCC_void_DisableClock
 .text.RCC_voidInitSysClock
                0x080006b4       0x14 ./src/RCC_program.o
                0x080006b4                RCC_voidInitSysClock
 .text.RTOS_Delay_ms
                0x080006c8       0x2c ./src/Tasks_program.o
                0x080006c8                RTOS_Delay_ms
 .text.vButton_Handler
                0x080006f4       0x24 ./src/Tasks_program.o
                0x080006f4                vButton_Handler
 .text.vLed_Handler
                0x08000718       0x1a ./src/Tasks_program.o
                0x08000718                vLed_Handler
 *fill*         0x08000732        0x2 
 .text.main     0x08000734       0x58 ./src/main.o
                0x08000734                main
 .text.prvHeapInit
                0x0800078c       0x64 ./RTOS/Source/portable/MemMang/heap_4.o
 .text.prvInsertBlockIntoFreeList
                0x080007f0       0x58 ./RTOS/Source/portable/MemMang/heap_4.o
 .text.pvPortMalloc
                0x08000848       0xcc ./RTOS/Source/portable/MemMang/heap_4.o
                0x08000848                pvPortMalloc
 .text.vPortFree
                0x08000914       0x58 ./RTOS/Source/portable/MemMang/heap_4.o
                0x08000914                vPortFree
 .text.prvTaskExitError
                0x0800096c       0x20 ./RTOS/Source/portable/GCC/ARM_CM3/port.o
 .text.prvPortStartFirstTask
                0x0800098c       0x20 ./RTOS/Source/portable/GCC/ARM_CM3/port.o
 .text.pxPortInitialiseStack
                0x080009ac       0x24 ./RTOS/Source/portable/GCC/ARM_CM3/port.o
                0x080009ac                pxPortInitialiseStack
 .text.SVC_Handler
                0x080009d0       0x24 ./RTOS/Source/portable/GCC/ARM_CM3/port.o
                0x080009d0                SVC_Handler
 .text.vPortEnterCritical
                0x080009f4       0x20 ./RTOS/Source/portable/GCC/ARM_CM3/port.o
                0x080009f4                vPortEnterCritical
 .text.vPortExitCritical
                0x08000a14       0x14 ./RTOS/Source/portable/GCC/ARM_CM3/port.o
                0x08000a14                vPortExitCritical
 *fill*         0x08000a28        0x8 
 .text.PendSV_Handler
                0x08000a30       0x44 ./RTOS/Source/portable/GCC/ARM_CM3/port.o
                0x08000a30                PendSV_Handler
 .text.SysTick_Handler
                0x08000a74       0x2c ./RTOS/Source/portable/GCC/ARM_CM3/port.o
                0x08000a74                SysTick_Handler
 .text.vPortSetupTimerInterrupt
                0x08000aa0       0x24 ./RTOS/Source/portable/GCC/ARM_CM3/port.o
                0x08000aa0                vPortSetupTimerInterrupt
 .text.xPortStartScheduler
                0x08000ac4       0x38 ./RTOS/Source/portable/GCC/ARM_CM3/port.o
                0x08000ac4                xPortStartScheduler
 .text.vListInitialise
                0x08000afc       0x16 ./RTOS/Source/list.o
                0x08000afc                vListInitialise
 .text.vListInitialiseItem
                0x08000b12        0x6 ./RTOS/Source/list.o
                0x08000b12                vListInitialiseItem
 .text.vListInsertEnd
                0x08000b18       0x18 ./RTOS/Source/list.o
                0x08000b18                vListInsertEnd
 .text.vListInsert
                0x08000b30       0x34 ./RTOS/Source/list.o
                0x08000b30                vListInsert
 .text.uxListRemove
                0x08000b64       0x28 ./RTOS/Source/list.o
                0x08000b64                uxListRemove
 .text.prvResetNextTaskUnblockTime
                0x08000b8c       0x2c ./RTOS/Source/tasks.o
 .text.prvDeleteTCB
                0x08000bb8       0x12 ./RTOS/Source/tasks.o
 .text.prvInitialiseNewTask
                0x08000bca       0x8c ./RTOS/Source/tasks.o
 *fill*         0x08000c56        0x2 
 .text.prvInitialiseTaskLists
                0x08000c58       0x68 ./RTOS/Source/tasks.o
 .text.prvAddNewTaskToReadyList
                0x08000cc0       0xa8 ./RTOS/Source/tasks.o
 .text.prvCheckTasksWaitingTermination
                0x08000d68       0x4c ./RTOS/Source/tasks.o
 .text.prvIdleTask
                0x08000db4       0x28 ./RTOS/Source/tasks.o
 .text.prvAddCurrentTaskToDelayedList
                0x08000ddc       0x98 ./RTOS/Source/tasks.o
 .text.xTaskCreate
                0x08000e74       0x62 ./RTOS/Source/tasks.o
                0x08000e74                xTaskCreate
 *fill*         0x08000ed6        0x2 
 .text.vTaskStartScheduler
                0x08000ed8       0x64 ./RTOS/Source/tasks.o
                0x08000ed8                vTaskStartScheduler
 .text.vTaskSuspendAll
                0x08000f3c       0x10 ./RTOS/Source/tasks.o
                0x08000f3c                vTaskSuspendAll
 .text.xTaskGetTickCount
                0x08000f4c        0xc ./RTOS/Source/tasks.o
                0x08000f4c                xTaskGetTickCount
 .text.xTaskIncrementTick
                0x08000f58      0x100 ./RTOS/Source/tasks.o
                0x08000f58                xTaskIncrementTick
 .text.xTaskResumeAll
                0x08001058       0xe4 ./RTOS/Source/tasks.o
                0x08001058                xTaskResumeAll
 .text.vTaskSwitchContext
                0x0800113c       0x7c ./RTOS/Source/tasks.o
                0x0800113c                vTaskSwitchContext
 .text.xTaskNotifyWait
                0x080011b8       0x98 ./RTOS/Source/tasks.o
                0x080011b8                xTaskNotifyWait
 .text.xTaskGenericNotify
                0x08001250       0xb8 ./RTOS/Source/tasks.o
                0x08001250                xTaskGenericNotify
 *(.rodata .rodata.* .constdata .constdata.*)
 .rodata.main.str1.4
                0x08001308       0x1e ./src/main.o
 *fill*         0x08001326        0x2 
 .rodata.vTaskStartScheduler.str1.4
                0x08001328        0x8 ./RTOS/Source/tasks.o
                                  0x5 (size before relaxing)
 *(vtable)
 *(.eh_frame*)
 *(.glue_7)
 .glue_7        0x08001330        0x0 linker stubs
 *(.glue_7t)
 .glue_7t       0x08001330        0x0 linker stubs

.vfp11_veneer   0x08001330        0x0
 .vfp11_veneer  0x08001330        0x0 linker stubs

.v4_bx          0x08001330        0x0
 .v4_bx         0x08001330        0x0 linker stubs

.iplt           0x08001330        0x0
 .iplt          0x08001330        0x0 ./system/src/newlib/_exit.o

.rel.dyn        0x08001330        0x0
 .rel.iplt      0x08001330        0x0 ./system/src/newlib/_exit.o

.ARM.extab
 *(.ARM.extab* .gnu.linkonce.armextab.*)
                0x08001330                . = ALIGN (0x4)
                0x08001330                __exidx_start = .

.ARM.exidx
 *(.ARM.exidx* .gnu.linkonce.armexidx.*)
                0x08001330                __exidx_end = .
                0x08001330                . = ALIGN (0x4)
                0x08001330                _etext = .
                0x08001330                __etext = .

.data_CCMRAM    0x00000000        0x0 load address 0x08001330
 FILL mask 0xff
 *(.data.CCMRAM .data.CCMRAM.*)
                0x00000000                . = ALIGN (0x4)
                0x08001330                _sidata = LOADADDR (.data)

.data           0x20000000       0x28 load address 0x08001330
 FILL mask 0xff
                0x20000000                _sdata = .
                0x20000000                __data_start__ = .
 *(.data_begin .data_begin.*)
 .data_begin    0x20000000        0x4 ./system/src/newlib/_startup.o
 *(.data .data.*)
 .data.argv.4310
                0x20000004        0x8 ./system/src/newlib/_syscalls.o
 .data.AHBPrescTable
                0x2000000c       0x10 ./system/src/cmsis/system_stm32f10x.o
                0x2000000c                AHBPrescTable
 .data.SystemCoreClock
                0x2000001c        0x4 ./system/src/cmsis/system_stm32f10x.o
                0x2000001c                SystemCoreClock
 .data.uxCriticalNesting
                0x20000020        0x4 ./RTOS/Source/portable/GCC/ARM_CM3/port.o
 *(.data_end .data_end.*)
 .data_end      0x20000024        0x4 ./system/src/newlib/_startup.o
                0x20000028                . = ALIGN (0x4)
                0x20000028                _edata = .
                0x20000028                __data_end__ = .

.igot.plt       0x20000028        0x0 load address 0x08001358
 .igot.plt      0x20000028        0x0 ./system/src/newlib/_exit.o

.bss_CCMRAM     0x00000000        0x0
 *(.bss.CCMRAM .bss.CCMRAM.*)

.bss            0x20000028     0x4538
                0x20000028                __bss_start__ = .
                0x20000028                _sbss = .
 *(.bss_begin .bss_begin.*)
 .bss_begin     0x20000028        0x4 ./system/src/newlib/_startup.o
 *(.bss .bss.*)
 .bss.name.4309
                0x2000002c        0x1 ./system/src/newlib/_syscalls.o
 *fill*         0x2000002d        0x3 
 .bss.xTaskHandle1
                0x20000030        0x4 ./src/main.o
                0x20000030                xTaskHandle1
 .bss.xTaskHandle2
                0x20000034        0x4 ./src/main.o
                0x20000034                xTaskHandle2
 .bss.pxEnd     0x20000038        0x4 ./RTOS/Source/portable/MemMang/heap_4.o
 .bss.ucHeap    0x2000003c     0x4400 ./RTOS/Source/portable/MemMang/heap_4.o
 .bss.xBlockAllocatedBit
                0x2000443c        0x4 ./RTOS/Source/portable/MemMang/heap_4.o
 .bss.xFreeBytesRemaining
                0x20004440        0x4 ./RTOS/Source/portable/MemMang/heap_4.o
 .bss.xMinimumEverFreeBytesRemaining
                0x20004444        0x4 ./RTOS/Source/portable/MemMang/heap_4.o
 .bss.xNumberOfSuccessfulAllocations
                0x20004448        0x4 ./RTOS/Source/portable/MemMang/heap_4.o
 .bss.xNumberOfSuccessfulFrees
                0x2000444c        0x4 ./RTOS/Source/portable/MemMang/heap_4.o
 .bss.xStart    0x20004450        0x8 ./RTOS/Source/portable/MemMang/heap_4.o
 .bss.pxCurrentTCB
                0x20004458        0x4 ./RTOS/Source/tasks.o
                0x20004458                pxCurrentTCB
 .bss.pxDelayedTaskList
                0x2000445c        0x4 ./RTOS/Source/tasks.o
 .bss.pxOverflowDelayedTaskList
                0x20004460        0x4 ./RTOS/Source/tasks.o
 .bss.pxReadyTasksLists
                0x20004464       0x64 ./RTOS/Source/tasks.o
 .bss.uxCurrentNumberOfTasks
                0x200044c8        0x4 ./RTOS/Source/tasks.o
 .bss.uxDeletedTasksWaitingCleanUp
                0x200044cc        0x4 ./RTOS/Source/tasks.o
 .bss.uxSchedulerSuspended
                0x200044d0        0x4 ./RTOS/Source/tasks.o
 .bss.uxTaskNumber
                0x200044d4        0x4 ./RTOS/Source/tasks.o
 .bss.uxTopReadyPriority
                0x200044d8        0x4 ./RTOS/Source/tasks.o
 .bss.xDelayedTaskList1
                0x200044dc       0x14 ./RTOS/Source/tasks.o
 .bss.xDelayedTaskList2
                0x200044f0       0x14 ./RTOS/Source/tasks.o
 .bss.xIdleTaskHandle
                0x20004504        0x4 ./RTOS/Source/tasks.o
 .bss.xNextTaskUnblockTime
                0x20004508        0x4 ./RTOS/Source/tasks.o
 .bss.xNumOfOverflows
                0x2000450c        0x4 ./RTOS/Source/tasks.o
 .bss.xPendedTicks
                0x20004510        0x4 ./RTOS/Source/tasks.o
 .bss.xPendingReadyList
                0x20004514       0x14 ./RTOS/Source/tasks.o
 .bss.xSchedulerRunning
                0x20004528        0x4 ./RTOS/Source/tasks.o
 .bss.xSuspendedTaskList
                0x2000452c       0x14 ./RTOS/Source/tasks.o
 .bss.xTasksWaitingTermination
                0x20004540       0x14 ./RTOS/Source/tasks.o
 .bss.xTickCount
                0x20004554        0x4 ./RTOS/Source/tasks.o
 .bss.xYieldPending
                0x20004558        0x4 ./RTOS/Source/tasks.o
 *(COMMON)
 *(.bss_end .bss_end.*)
 .bss_end       0x2000455c        0x4 ./system/src/newlib/_startup.o
                0x20004560                . = ALIGN (0x4)
                0x20004560                __bss_end__ = .
                0x20004560                _ebss = .

.noinit_CCMRAM
 *(.noinit.CCMRAM .noinit.CCMRAM.*)

.noinit         0x20004560        0x0
                0x20004560                _noinit = .
 *(.noinit .noinit.*)
                0x20004560                . = ALIGN (0x4)
                0x20004560                _end_noinit = .
                [!provide]                PROVIDE (end, _end_noinit)
                [!provide]                PROVIDE (_end, _end_noinit)
                [!provide]                PROVIDE (__end, _end_noinit)
                [!provide]                PROVIDE (__end__, _end_noinit)

._check_stack   0x20004560      0x100
                0x20004660                . = (. + _Minimum_Stack_Size)
 *fill*         0x20004560      0x100 

.b1text
 *(.b1text)
 *(.b1rodata)
 *(.b1rodata.*)

.eb0text
 *(.eb0text)
 *(.eb0rodata)
 *(.eb0rodata.*)

.eb1text
 *(.eb1text)
 *(.eb1rodata)
 *(.eb1rodata.*)

.eb2text
 *(.eb2text)
 *(.eb2rodata)
 *(.eb2rodata.*)

.eb3text
 *(.eb3text)
 *(.eb3rodata)
 *(.eb3rodata.*)

.stab
 *(.stab)

.stabstr
 *(.stabstr)

.stab.excl
 *(.stab.excl)

.stab.exclstr
 *(.stab.exclstr)

.stab.index
 *(.stab.index)

.stab.indexstr
 *(.stab.indexstr)

.comment        0x00000000       0x7e
 *(.comment)
 .comment       0x00000000       0x7e ./system/src/newlib/_exit.o
                                 0x7f (size before relaxing)
 .comment       0x0000007e       0x7f ./system/src/newlib/_startup.o
 .comment       0x0000007e       0x7f ./system/src/newlib/_syscalls.o
 .comment       0x0000007e       0x7f ./system/src/cortexm/_initialize_hardware.o
 .comment       0x0000007e       0x7f ./system/src/cortexm/exception_handlers.o
 .comment       0x0000007e       0x7f ./system/src/cmsis/system_stm32f10x.o
 .comment       0x0000007e       0x7f ./system/src/cmsis/vectors_stm32f10x.o
 .comment       0x0000007e       0x7f ./src/Button_program.o
 .comment       0x0000007e       0x7f ./src/GPIO_program.o
 .comment       0x0000007e       0x7f ./src/Led_program.o
 .comment       0x0000007e       0x7f ./src/RCC_program.o
 .comment       0x0000007e       0x7f ./src/Tasks_program.o
 .comment       0x0000007e       0x7f ./src/main.o
 .comment       0x0000007e       0x7f ./RTOS/Source/portable/MemMang/heap_4.o
 .comment       0x0000007e       0x7f ./RTOS/Source/portable/GCC/ARM_CM3/port.o
 .comment       0x0000007e       0x7f ./RTOS/Source/list.o
 .comment       0x0000007e       0x7f ./RTOS/Source/tasks.o

.ARM.attributes
                0x00000000       0x33
 .ARM.attributes
                0x00000000       0x33 ./system/src/newlib/_exit.o
 .ARM.attributes
                0x00000033       0x33 ./system/src/newlib/_startup.o
 .ARM.attributes
                0x00000066       0x33 ./system/src/newlib/_syscalls.o
 .ARM.attributes
                0x00000099       0x33 ./system/src/cortexm/_initialize_hardware.o
 .ARM.attributes
                0x000000cc       0x33 ./system/src/cortexm/exception_handlers.o
 .ARM.attributes
                0x000000ff       0x33 ./system/src/cmsis/system_stm32f10x.o
 .ARM.attributes
                0x00000132       0x33 ./system/src/cmsis/vectors_stm32f10x.o
 .ARM.attributes
                0x00000165       0x33 ./src/Button_program.o
 .ARM.attributes
                0x00000198       0x33 ./src/GPIO_program.o
 .ARM.attributes
                0x000001cb       0x33 ./src/Led_program.o
 .ARM.attributes
                0x000001fe       0x33 ./src/RCC_program.o
 .ARM.attributes
                0x00000231       0x33 ./src/Tasks_program.o
 .ARM.attributes
                0x00000264       0x33 ./src/main.o
 .ARM.attributes
                0x00000297       0x33 ./RTOS/Source/portable/MemMang/heap_4.o
 .ARM.attributes
                0x000002ca       0x33 ./RTOS/Source/portable/GCC/ARM_CM3/port.o
 .ARM.attributes
                0x000002fd       0x33 ./RTOS/Source/list.o
 .ARM.attributes
                0x00000330       0x33 ./RTOS/Source/tasks.o

.debug
 *(.debug)

.line
 *(.line)

.debug_srcinfo
 *(.debug_srcinfo)

.debug_sfnames
 *(.debug_sfnames)

.debug_aranges  0x00000000      0x5d8
 *(.debug_aranges)
 .debug_aranges
                0x00000000       0x28 ./system/src/newlib/_exit.o
 .debug_aranges
                0x00000028       0x40 ./system/src/newlib/_startup.o
 .debug_aranges
                0x00000068       0x30 ./system/src/newlib/_syscalls.o
 .debug_aranges
                0x00000098       0x28 ./system/src/cortexm/_initialize_hardware.o
 .debug_aranges
                0x000000c0       0x80 ./system/src/cortexm/exception_handlers.o
 .debug_aranges
                0x00000140       0x38 ./system/src/cmsis/system_stm32f10x.o
 .debug_aranges
                0x00000178       0x20 ./system/src/cmsis/vectors_stm32f10x.o
 .debug_aranges
                0x00000198       0x28 ./src/Button_program.o
 .debug_aranges
                0x000001c0       0x68 ./src/GPIO_program.o
 .debug_aranges
                0x00000228       0x78 ./src/Led_program.o
 .debug_aranges
                0x000002a0       0x30 ./src/RCC_program.o
 .debug_aranges
                0x000002d0       0x30 ./src/Tasks_program.o
 .debug_aranges
                0x00000300       0x20 ./src/main.o
 .debug_aranges
                0x00000320       0x58 ./RTOS/Source/portable/MemMang/heap_4.o
 .debug_aranges
                0x00000378       0x70 ./RTOS/Source/portable/GCC/ARM_CM3/port.o
 .debug_aranges
                0x000003e8       0x40 ./RTOS/Source/list.o
 .debug_aranges
                0x00000428      0x1b0 ./RTOS/Source/tasks.o

.debug_pubnames
 *(.debug_pubnames)

.debug_info     0x00000000     0x7c30
 *(.debug_info .gnu.linkonce.wi.*)
 .debug_info    0x00000000      0x94a ./system/src/newlib/_exit.o
 .debug_info    0x0000094a      0x42e ./system/src/newlib/_startup.o
 .debug_info    0x00000d78      0xa19 ./system/src/newlib/_syscalls.o
 .debug_info    0x00001791      0x2b5 ./system/src/cortexm/_initialize_hardware.o
 .debug_info    0x00001a46      0xae8 ./system/src/cortexm/exception_handlers.o
 .debug_info    0x0000252e      0x494 ./system/src/cmsis/system_stm32f10x.o
 .debug_info    0x000029c2       0xca ./system/src/cmsis/vectors_stm32f10x.o
 .debug_info    0x00002a8c      0x272 ./src/Button_program.o
 .debug_info    0x00002cfe      0x4db ./src/GPIO_program.o
 .debug_info    0x000031d9      0x436 ./src/Led_program.o
 .debug_info    0x0000360f       0xec ./src/RCC_program.o
 .debug_info    0x000036fb      0x242 ./src/Tasks_program.o
 .debug_info    0x0000393d      0x1a3 ./src/main.o
 .debug_info    0x00003ae0      0xcc2 ./RTOS/Source/portable/MemMang/heap_4.o
 .debug_info    0x000047a2      0x320 ./RTOS/Source/portable/GCC/ARM_CM3/port.o
 .debug_info    0x00004ac2      0xac2 ./RTOS/Source/list.o
 .debug_info    0x00005584     0x26ac ./RTOS/Source/tasks.o

.debug_abbrev   0x00000000     0x1b12
 *(.debug_abbrev)
 .debug_abbrev  0x00000000      0x1f5 ./system/src/newlib/_exit.o
 .debug_abbrev  0x000001f5      0x1b3 ./system/src/newlib/_startup.o
 .debug_abbrev  0x000003a8      0x234 ./system/src/newlib/_syscalls.o
 .debug_abbrev  0x000005dc       0xea ./system/src/cortexm/_initialize_hardware.o
 .debug_abbrev  0x000006c6      0x23a ./system/src/cortexm/exception_handlers.o
 .debug_abbrev  0x00000900      0x177 ./system/src/cmsis/system_stm32f10x.o
 .debug_abbrev  0x00000a77       0x9d ./system/src/cmsis/vectors_stm32f10x.o
 .debug_abbrev  0x00000b14      0x100 ./src/Button_program.o
 .debug_abbrev  0x00000c14      0x156 ./src/GPIO_program.o
 .debug_abbrev  0x00000d6a       0xc8 ./src/Led_program.o
 .debug_abbrev  0x00000e32       0x88 ./src/RCC_program.o
 .debug_abbrev  0x00000eba      0x114 ./src/Tasks_program.o
 .debug_abbrev  0x00000fce       0xbf ./src/main.o
 .debug_abbrev  0x0000108d      0x2e4 ./RTOS/Source/portable/MemMang/heap_4.o
 .debug_abbrev  0x00001371      0x1cd ./RTOS/Source/portable/GCC/ARM_CM3/port.o
 .debug_abbrev  0x0000153e      0x223 ./RTOS/Source/list.o
 .debug_abbrev  0x00001761      0x3b1 ./RTOS/Source/tasks.o

.debug_line     0x00000000     0x4329
 *(.debug_line)
 .debug_line    0x00000000      0x3d2 ./system/src/newlib/_exit.o
 .debug_line    0x000003d2      0x441 ./system/src/newlib/_startup.o
 .debug_line    0x00000813      0x4be ./system/src/newlib/_syscalls.o
 .debug_line    0x00000cd1      0x395 ./system/src/cortexm/_initialize_hardware.o
 .debug_line    0x00001066      0x717 ./system/src/cortexm/exception_handlers.o
 .debug_line    0x0000177d      0x408 ./system/src/cmsis/system_stm32f10x.o
 .debug_line    0x00001b85      0x121 ./system/src/cmsis/vectors_stm32f10x.o
 .debug_line    0x00001ca6      0x11b ./src/Button_program.o
 .debug_line    0x00001dc1      0x1ca ./src/GPIO_program.o
 .debug_line    0x00001f8b      0x1c0 ./src/Led_program.o
 .debug_line    0x0000214b       0xd4 ./src/RCC_program.o
 .debug_line    0x0000221f      0x346 ./src/Tasks_program.o
 .debug_line    0x00002565      0x32d ./src/main.o
 .debug_line    0x00002892      0x587 ./RTOS/Source/portable/MemMang/heap_4.o
 .debug_line    0x00002e19      0x35f ./RTOS/Source/portable/GCC/ARM_CM3/port.o
 .debug_line    0x00003178      0x4c3 ./RTOS/Source/list.o
 .debug_line    0x0000363b      0xcee ./RTOS/Source/tasks.o

.debug_frame    0x00000000      0xd2c
 *(.debug_frame)
 .debug_frame   0x00000000       0x38 ./system/src/newlib/_exit.o
 .debug_frame   0x00000038       0x7c ./system/src/newlib/_startup.o
 .debug_frame   0x000000b4       0x50 ./system/src/newlib/_syscalls.o
 .debug_frame   0x00000104       0x40 ./system/src/cortexm/_initialize_hardware.o
 .debug_frame   0x00000144       0xe8 ./system/src/cortexm/exception_handlers.o
 .debug_frame   0x0000022c       0x6c ./system/src/cmsis/system_stm32f10x.o
 .debug_frame   0x00000298       0x20 ./system/src/cmsis/vectors_stm32f10x.o
 .debug_frame   0x000002b8       0x48 ./src/Button_program.o
 .debug_frame   0x00000300       0xdc ./src/GPIO_program.o
 .debug_frame   0x000003dc      0x13c ./src/Led_program.o
 .debug_frame   0x00000518       0x40 ./src/RCC_program.o
 .debug_frame   0x00000558       0x5c ./src/Tasks_program.o
 .debug_frame   0x000005b4       0x28 ./src/main.o
 .debug_frame   0x000005dc       0xcc ./RTOS/Source/portable/MemMang/heap_4.o
 .debug_frame   0x000006a8       0xd8 ./RTOS/Source/portable/GCC/ARM_CM3/port.o
 .debug_frame   0x00000780       0x6c ./RTOS/Source/list.o
 .debug_frame   0x000007ec      0x540 ./RTOS/Source/tasks.o

.debug_str      0x00000000    0x5c565
 *(.debug_str)
 .debug_str     0x00000000     0x7cf4 ./system/src/newlib/_exit.o
                               0x7eb8 (size before relaxing)
 .debug_str     0x00007cf4      0xbb4 ./system/src/newlib/_startup.o
                               0x69a5 (size before relaxing)
 .debug_str     0x000088a8     0x1191 ./system/src/newlib/_syscalls.o
                               0x8145 (size before relaxing)
 .debug_str     0x00009a39    0x4b01b ./system/src/cortexm/_initialize_hardware.o
                              0x4e807 (size before relaxing)
 .debug_str     0x00054a54      0x1b0 ./system/src/cortexm/exception_handlers.o
                              0x5391c (size before relaxing)
 .debug_str     0x00054c04      0x10e ./system/src/cmsis/system_stm32f10x.o
                              0x4e8a1 (size before relaxing)
 .debug_str     0x00054d12       0x57 ./system/src/cmsis/vectors_stm32f10x.o
                               0x3846 (size before relaxing)
 .debug_str     0x00054d69      0xf4e ./src/Button_program.o
                               0x3c9f (size before relaxing)
 .debug_str     0x00055cb7      0x187 ./src/GPIO_program.o
                               0x3d42 (size before relaxing)
 .debug_str     0x00055e3e      0x19a ./src/Led_program.o
                               0x3d81 (size before relaxing)
 .debug_str     0x00055fd8      0x2ee ./src/RCC_program.o
                               0x3478 (size before relaxing)
 .debug_str     0x000562c6     0x3dd5 ./src/Tasks_program.o
                               0x8737 (size before relaxing)
 .debug_str     0x0005a09b       0x4f ./src/main.o
                               0x867c (size before relaxing)
 .debug_str     0x0005a0ea      0x3c0 ./RTOS/Source/portable/MemMang/heap_4.o
                               0xac7a (size before relaxing)
 .debug_str     0x0005a4aa      0x6d9 ./RTOS/Source/portable/GCC/ARM_CM3/port.o
                               0x7efa (size before relaxing)
 .debug_str     0x0005ab83      0x115 ./RTOS/Source/list.o
                               0xa36c (size before relaxing)
 .debug_str     0x0005ac98     0x18cd ./RTOS/Source/tasks.o
                               0xc530 (size before relaxing)

.debug_loc      0x00000000     0x2513
 *(.debug_loc)
 .debug_loc     0x00000000      0x1a9 ./system/src/newlib/_startup.o
 .debug_loc     0x000001a9       0x63 ./system/src/newlib/_syscalls.o
 .debug_loc     0x0000020c       0xdf ./system/src/cmsis/system_stm32f10x.o
 .debug_loc     0x000002eb       0x2b ./src/Button_program.o
 .debug_loc     0x00000316      0x365 ./src/GPIO_program.o
 .debug_loc     0x0000067b      0x14c ./src/RCC_program.o
 .debug_loc     0x000007c7       0xc8 ./src/Tasks_program.o
 .debug_loc     0x0000088f      0x38e ./RTOS/Source/portable/MemMang/heap_4.o
 .debug_loc     0x00000c1d       0xa8 ./RTOS/Source/portable/GCC/ARM_CM3/port.o
 .debug_loc     0x00000cc5       0x70 ./RTOS/Source/list.o
 .debug_loc     0x00000d35     0x17de ./RTOS/Source/tasks.o

.debug_macinfo
 *(.debug_macinfo)

.debug_weaknames
 *(.debug_weaknames)

.debug_funcnames
 *(.debug_funcnames)

.debug_typenames
 *(.debug_typenames)

.debug_varnames
 *(.debug_varnames)
OUTPUT(freeRTOS_2_Task_Notify.elf elf32-littlearm)

.debug_ranges   0x00000000      0x5e0
 .debug_ranges  0x00000000       0x18 ./system/src/newlib/_exit.o
 .debug_ranges  0x00000018       0x78 ./system/src/newlib/_startup.o
 .debug_ranges  0x00000090       0x20 ./system/src/newlib/_syscalls.o
 .debug_ranges  0x000000b0       0x18 ./system/src/cortexm/_initialize_hardware.o
 .debug_ranges  0x000000c8       0x70 ./system/src/cortexm/exception_handlers.o
 .debug_ranges  0x00000138       0x28 ./system/src/cmsis/system_stm32f10x.o
 .debug_ranges  0x00000160       0x10 ./system/src/cmsis/vectors_stm32f10x.o
 .debug_ranges  0x00000170       0x18 ./src/Button_program.o
 .debug_ranges  0x00000188       0x58 ./src/GPIO_program.o
 .debug_ranges  0x000001e0       0x68 ./src/Led_program.o
 .debug_ranges  0x00000248       0x20 ./src/RCC_program.o
 .debug_ranges  0x00000268       0x20 ./src/Tasks_program.o
 .debug_ranges  0x00000288       0x10 ./src/main.o
 .debug_ranges  0x00000298       0x48 ./RTOS/Source/portable/MemMang/heap_4.o
 .debug_ranges  0x000002e0       0x60 ./RTOS/Source/portable/GCC/ARM_CM3/port.o
 .debug_ranges  0x00000340       0x30 ./RTOS/Source/list.o
 .debug_ranges  0x00000370      0x270 ./RTOS/Source/tasks.o

.debug_macro    0x00000000     0x2fe0
 .debug_macro   0x00000000      0x1b4 ./system/src/newlib/_exit.o
 .debug_macro   0x000001b4       0x9c ./system/src/newlib/_exit.o
 .debug_macro   0x00000250      0x10e ./system/src/newlib/_exit.o
 .debug_macro   0x0000035e       0x8d ./system/src/newlib/_exit.o
 .debug_macro   0x000003eb       0x43 ./system/src/newlib/_exit.o
 .debug_macro   0x0000042e      0x330 ./system/src/newlib/_exit.o
 .debug_macro   0x0000075e       0x35 ./system/src/newlib/_exit.o
 .debug_macro   0x00000793      0x173 ./system/src/newlib/_startup.o
 .debug_macro   0x00000906      0x217 ./system/src/newlib/_syscalls.o
 .debug_macro   0x00000b1d       0x1c ./system/src/newlib/_syscalls.o
 .debug_macro   0x00000b39       0x10 ./system/src/newlib/_syscalls.o
 .debug_macro   0x00000b49       0x10 ./system/src/newlib/_syscalls.o
 .debug_macro   0x00000b59       0x10 ./system/src/newlib/_syscalls.o
 .debug_macro   0x00000b69       0x35 ./system/src/newlib/_syscalls.o
 .debug_macro   0x00000b9e      0x122 ./system/src/newlib/_syscalls.o
 .debug_macro   0x00000cc0       0x88 ./system/src/newlib/_syscalls.o
 .debug_macro   0x00000d48       0x2b ./system/src/newlib/_syscalls.o
 .debug_macro   0x00000d73      0x118 ./system/src/newlib/_syscalls.o
 .debug_macro   0x00000e8b      0x189 ./system/src/newlib/_syscalls.o
 .debug_macro   0x00001014       0x16 ./system/src/newlib/_syscalls.o
 .debug_macro   0x0000102a      0x16b ./system/src/cortexm/_initialize_hardware.o
 .debug_macro   0x00001195      0x324 ./system/src/cortexm/exception_handlers.o
 .debug_macro   0x000014b9       0x3b ./system/src/cortexm/exception_handlers.o
 .debug_macro   0x000014f4       0x22 ./system/src/cortexm/exception_handlers.o
 .debug_macro   0x00001516       0x10 ./system/src/cortexm/exception_handlers.o
 .debug_macro   0x00001526       0xcf ./system/src/cortexm/exception_handlers.o
 .debug_macro   0x000015f5       0xbe ./system/src/cortexm/exception_handlers.o
 .debug_macro   0x000016b3       0x10 ./system/src/cortexm/exception_handlers.o
 .debug_macro   0x000016c3      0x16e ./system/src/cmsis/system_stm32f10x.o
 .debug_macro   0x00001831       0x34 ./system/src/cmsis/vectors_stm32f10x.o
 .debug_macro   0x00001865       0x59 ./src/Button_program.o
 .debug_macro   0x000018be       0x1c ./src/Button_program.o
 .debug_macro   0x000018da       0x70 ./src/Button_program.o
 .debug_macro   0x0000194a      0x21e ./src/Button_program.o
 .debug_macro   0x00001b68       0x46 ./src/Button_program.o
 .debug_macro   0x00001bae       0x22 ./src/Button_program.o
 .debug_macro   0x00001bd0       0x1c ./src/Button_program.o
 .debug_macro   0x00001bec       0x48 ./src/GPIO_program.o
 .debug_macro   0x00001c34       0x2e ./src/GPIO_program.o
 .debug_macro   0x00001c62       0x51 ./src/Led_program.o
 .debug_macro   0x00001cb3       0x2e ./src/Led_program.o
 .debug_macro   0x00001ce1       0x3e ./src/RCC_program.o
 .debug_macro   0x00001d1f       0x8e ./src/RCC_program.o
 .debug_macro   0x00001dad       0x10 ./src/RCC_program.o
 .debug_macro   0x00001dbd       0xe4 ./src/Tasks_program.o
 .debug_macro   0x00001ea1       0xa0 ./src/Tasks_program.o
 .debug_macro   0x00001f41      0x15a ./src/Tasks_program.o
 .debug_macro   0x0000209b       0xdd ./src/Tasks_program.o
 .debug_macro   0x00002178       0x1c ./src/Tasks_program.o
 .debug_macro   0x00002194       0x26 ./src/Tasks_program.o
 .debug_macro   0x000021ba      0x54a ./src/Tasks_program.o
 .debug_macro   0x00002704       0xb5 ./src/Tasks_program.o
 .debug_macro   0x000027b9       0xaa ./src/Tasks_program.o
 .debug_macro   0x00002863       0xee ./src/main.o
 .debug_macro   0x00002951      0x189 ./RTOS/Source/portable/MemMang/heap_4.o
 .debug_macro   0x00002ada      0x145 ./RTOS/Source/portable/GCC/ARM_CM3/port.o
 .debug_macro   0x00002c1f      0x162 ./RTOS/Source/list.o
 .debug_macro   0x00002d81      0x24f ./RTOS/Source/tasks.o
 .debug_macro   0x00002fd0       0x10 ./RTOS/Source/tasks.o
